---
source: src/parse/test.rs
assertion_line: 639
expression: ast

---
Literal(
    Boolean(
        true,
        Span {
            start: 0,
            end: 0,
        },
    ),
)
