---
source: src/parse/test.rs
expression: ast
---
Ident(
    Ident {
        sym: "tokens",
        span: Span(
            0..0,
        ),
    },
)
