---
source: src/parse/test.rs
assertion_line: 667
expression: ast

---
Literal(
    Array(
        [
            Literal(
                Number(
                    10.0,
                    Span {
                        start: 0,
                        end: 0,
                    },
                ),
            ),
        ],
        Span {
            start: 0,
            end: 0,
        },
    ),
)
