---
source: src/parse/test.rs
assertion_line: 653
expression: ast

---
Literal(
    Array(
        [],
        Span {
            start: 0,
            end: 0,
        },
    ),
)
