---
source: src/parse/test.rs
assertion_line: 620
expression: ast

---
Literal(
    Object(
        Span {
            start: 0,
            end: 0,
        },
    ),
)
