---
source: src/syntax/lex.rs
expression: tokens
---
[
    String(
        "uwu",
    ),
]
