---
source: src/syntax/lex.rs
expression: tokens
---
[
    Fn,
    Let,
    Or,
]
