---
source: src/syntax/lex.rs
expression: tokens
---
[
    Minus,
    Dot,
    Minus,
    Slash,
    Percent,
]
