---
source: src/syntax/lex.rs
expression: tokens
---
[
    Number(
        100.0,
    ),
]
