---
source: src/syntax/parse/test.rs
expression: ast
---
Loop(
    Block {
        stmts: [],
        span: Span(
            0..0,
        ),
    },
    Span(
        0..0,
    ),
)
