---
source: src/syntax/parse/test.rs
expression: ast
---
Literal(
    Boolean(
        true,
        Span(
            0..0,
        ),
    ),
)
