---
source: tests/control_flow.rs
assertion_line: 4
expression: output

---
"true!\n"
