---
source: tests/control_flow.rs
assertion_line: 196
expression: output

---
"Start\nStart inner\ninside inner\nOutside inner\nEnd\n"
