---
source: tests/functions.rs
expression: output
---
"1\n"
