---
source: src/lex.rs
expression: tokens
---
[
    BraceO,
    ParenO,
    BracketO,
    BracketC,
    BracketC,
    BraceC,
]
