---
source: src/lex.rs
assertion_line: 370
expression: tokens

---
[
    BangEqual,
    BangEqual,
    Equal,
    BangEqual,
]
