---
source: src/lex.rs
expression: tokens
---
[
    Greater,
    Greater,
    Dot,
    Less,
    Less,
]
