---
source: src/lex.rs
expression: tokens
---
[
    Fn,
]
